[2026-05-12T19:29:35.277Z] --- SERVER STARTING ---
[2026-05-12T19:29:35.278Z] APP_DIR: /home/u754458241/domains/morsall.com/public_html/app_new
[2026-05-12T19:29:35.279Z] NODE_MODULES: /home/u754458241/domains/morsall.com/public_html/app_new/node_modules exists: true
[2026-05-12T19:29:35.284Z] STARTUP_ERROR: Cannot find module 'styled-jsx/package.json'
Require stack:
- /home/u754458241/domains/morsall.com/public_html/app_new/node_modules/next/dist/server/require-hook.js
- /home/u754458241/domains/morsall.com/public_html/app_new/node_modules/next/dist/server/next.js
- /home/u754458241/domains/morsall.com/public_html/app_new/app.js
- /usr/local/lsws/fcgi-bin/lsnode.js
[2026-05-12T19:29:35.284Z] Error: Cannot find module 'styled-jsx/package.json'
Require stack:
- /home/u754458241/domains/morsall.com/public_html/app_new/node_modules/next/dist/server/require-hook.js
- /home/u754458241/domains/morsall.com/public_html/app_new/node_modules/next/dist/server/next.js
- /home/u754458241/domains/morsall.com/public_html/app_new/app.js
- /usr/local/lsws/fcgi-bin/lsnode.js
    at Module._resolveFilename (node:internal/modules/cjs/loader:1212:15)
    at resolve (node:internal/modules/helpers:193:19)
    at Object.<anonymous> (/home/u754458241/domains/morsall.com/public_html/app_new/node_modules/next/dist/server/require-hook.js:39:32)
    at Module._compile (node:internal/modules/cjs/loader:1529:14)
    at Module._extensions..js (node:internal/modules/cjs/loader:1613:10)
    at Module.load (node:internal/modules/cjs/loader:1275:32)
    at Module._load (node:internal/modules/cjs/loader:1096:12)
    at Module.require (node:internal/modules/cjs/loader:1298:19)
    at require (node:internal/modules/helpers:182:18)
    at Object.<anonymous> (/home/u754458241/domains/morsall.com/public_html/app_new/node_modules/next/dist/server/next.js:25:1)
[2026-05-12T19:29:35.390Z] --- SERVER STARTING ---
[2026-05-12T19:29:35.391Z] APP_DIR: /home/u754458241/domains/morsall.com/public_html/app_new
[2026-05-12T19:29:35.391Z] NODE_MODULES: /home/u754458241/domains/morsall.com/public_html/app_new/node_modules exists: true
[2026-05-12T19:29:35.395Z] STARTUP_ERROR: Cannot find module 'styled-jsx/package.json'
Require stack:
- /home/u754458241/domains/morsall.com/public_html/app_new/node_modules/next/dist/server/require-hook.js
- /home/u754458241/domains/morsall.com/public_html/app_new/node_modules/next/dist/server/next.js
- /home/u754458241/domains/morsall.com/public_html/app_new/app.js
- /usr/local/lsws/fcgi-bin/lsnode.js
[2026-05-12T19:29:35.395Z] Error: Cannot find module 'styled-jsx/package.json'
Require stack:
- /home/u754458241/domains/morsall.com/public_html/app_new/node_modules/next/dist/server/require-hook.js
- /home/u754458241/domains/morsall.com/public_html/app_new/node_modules/next/dist/server/next.js
- /home/u754458241/domains/morsall.com/public_html/app_new/app.js
- /usr/local/lsws/fcgi-bin/lsnode.js
    at Module._resolveFilename (node:internal/modules/cjs/loader:1212:15)
    at resolve (node:internal/modules/helpers:193:19)
    at Object.<anonymous> (/home/u754458241/domains/morsall.com/public_html/app_new/node_modules/next/dist/server/require-hook.js:39:32)
    at Module._compile (node:internal/modules/cjs/loader:1529:14)
    at Module._extensions..js (node:internal/modules/cjs/loader:1613:10)
    at Module.load (node:internal/modules/cjs/loader:1275:32)
    at Module._load (node:internal/modules/cjs/loader:1096:12)
    at Module.require (node:internal/modules/cjs/loader:1298:19)
    at require (node:internal/modules/helpers:182:18)
    at Object.<anonymous> (/home/u754458241/domains/morsall.com/public_html/app_new/node_modules/next/dist/server/next.js:25:1)
[2026-05-12T19:29:41.299Z] --- SERVER STARTING ---
[2026-05-12T19:29:41.300Z] APP_DIR: /home/u754458241/domains/morsall.com/public_html/app_new
[2026-05-12T19:29:41.300Z] NODE_MODULES: /home/u754458241/domains/morsall.com/public_html/app_new/node_modules exists: true
[2026-05-12T19:29:41.304Z] STARTUP_ERROR: Cannot find module 'styled-jsx/package.json'
Require stack:
- /home/u754458241/domains/morsall.com/public_html/app_new/node_modules/next/dist/server/require-hook.js
- /home/u754458241/domains/morsall.com/public_html/app_new/node_modules/next/dist/server/next.js
- /home/u754458241/domains/morsall.com/public_html/app_new/app.js
- /usr/local/lsws/fcgi-bin/lsnode.js
[2026-05-12T19:29:41.304Z] Error: Cannot find module 'styled-jsx/package.json'
Require stack:
- /home/u754458241/domains/morsall.com/public_html/app_new/node_modules/next/dist/server/require-hook.js
- /home/u754458241/domains/morsall.com/public_html/app_new/node_modules/next/dist/server/next.js
- /home/u754458241/domains/morsall.com/public_html/app_new/app.js
- /usr/local/lsws/fcgi-bin/lsnode.js
    at Module._resolveFilename (node:internal/modules/cjs/loader:1212:15)
    at resolve (node:internal/modules/helpers:193:19)
    at Object.<anonymous> (/home/u754458241/domains/morsall.com/public_html/app_new/node_modules/next/dist/server/require-hook.js:39:32)
    at Module._compile (node:internal/modules/cjs/loader:1529:14)
    at Module._extensions..js (node:internal/modules/cjs/loader:1613:10)
    at Module.load (node:internal/modules/cjs/loader:1275:32)
    at Module._load (node:internal/modules/cjs/loader:1096:12)
    at Module.require (node:internal/modules/cjs/loader:1298:19)
    at require (node:internal/modules/helpers:182:18)
    at Object.<anonymous> (/home/u754458241/domains/morsall.com/public_html/app_new/node_modules/next/dist/server/next.js:25:1)
[2026-05-12T19:29:41.316Z] --- SERVER STARTING ---
[2026-05-12T19:29:41.317Z] APP_DIR: /home/u754458241/domains/morsall.com/public_html/app_new
[2026-05-12T19:29:41.317Z] NODE_MODULES: /home/u754458241/domains/morsall.com/public_html/app_new/node_modules exists: true
[2026-05-12T19:29:41.321Z] STARTUP_ERROR: Cannot find module 'styled-jsx/package.json'
Require stack:
- /home/u754458241/domains/morsall.com/public_html/app_new/node_modules/next/dist/server/require-hook.js
- /home/u754458241/domains/morsall.com/public_html/app_new/node_modules/next/dist/server/next.js
- /home/u754458241/domains/morsall.com/public_html/app_new/app.js
- /usr/local/lsws/fcgi-bin/lsnode.js
[2026-05-12T19:29:41.321Z] Error: Cannot find module 'styled-jsx/package.json'
Require stack:
- /home/u754458241/domains/morsall.com/public_html/app_new/node_modules/next/dist/server/require-hook.js
- /home/u754458241/domains/morsall.com/public_html/app_new/node_modules/next/dist/server/next.js
- /home/u754458241/domains/morsall.com/public_html/app_new/app.js
- /usr/local/lsws/fcgi-bin/lsnode.js
    at Module._resolveFilename (node:internal/modules/cjs/loader:1212:15)
    at resolve (node:internal/modules/helpers:193:19)
    at Object.<anonymous> (/home/u754458241/domains/morsall.com/public_html/app_new/node_modules/next/dist/server/require-hook.js:39:32)
    at Module._compile (node:internal/modules/cjs/loader:1529:14)
    at Module._extensions..js (node:internal/modules/cjs/loader:1613:10)
    at Module.load (node:internal/modules/cjs/loader:1275:32)
    at Module._load (node:internal/modules/cjs/loader:1096:12)
    at Module.require (node:internal/modules/cjs/loader:1298:19)
    at require (node:internal/modules/helpers:182:18)
    at Object.<anonymous> (/home/u754458241/domains/morsall.com/public_html/app_new/node_modules/next/dist/server/next.js:25:1)
[2026-05-12T19:29:43.137Z] --- SERVER STARTING ---
[2026-05-12T19:29:43.138Z] APP_DIR: /home/u754458241/domains/morsall.com/public_html/app_new
[2026-05-12T19:29:43.138Z] NODE_MODULES: /home/u754458241/domains/morsall.com/public_html/app_new/node_modules exists: true
[2026-05-12T19:29:43.142Z] STARTUP_ERROR: Cannot find module 'styled-jsx/package.json'
Require stack:
- /home/u754458241/domains/morsall.com/public_html/app_new/node_modules/next/dist/server/require-hook.js
- /home/u754458241/domains/morsall.com/public_html/app_new/node_modules/next/dist/server/next.js
- /home/u754458241/domains/morsall.com/public_html/app_new/app.js
- /usr/local/lsws/fcgi-bin/lsnode.js
[2026-05-12T19:29:43.142Z] Error: Cannot find module 'styled-jsx/package.json'
Require stack:
- /home/u754458241/domains/morsall.com/public_html/app_new/node_modules/next/dist/server/require-hook.js
- /home/u754458241/domains/morsall.com/public_html/app_new/node_modules/next/dist/server/next.js
- /home/u754458241/domains/morsall.com/public_html/app_new/app.js
- /usr/local/lsws/fcgi-bin/lsnode.js
    at Module._resolveFilename (node:internal/modules/cjs/loader:1212:15)
    at resolve (node:internal/modules/helpers:193:19)
    at Object.<anonymous> (/home/u754458241/domains/morsall.com/public_html/app_new/node_modules/next/dist/server/require-hook.js:39:32)
    at Module._compile (node:internal/modules/cjs/loader:1529:14)
    at Module._extensions..js (node:internal/modules/cjs/loader:1613:10)
    at Module.load (node:internal/modules/cjs/loader:1275:32)
    at Module._load (node:internal/modules/cjs/loader:1096:12)
    at Module.require (node:internal/modules/cjs/loader:1298:19)
    at require (node:internal/modules/helpers:182:18)
    at Object.<anonymous> (/home/u754458241/domains/morsall.com/public_html/app_new/node_modules/next/dist/server/next.js:25:1)
[2026-05-12T19:29:43.264Z] --- SERVER STARTING ---
[2026-05-12T19:29:43.265Z] APP_DIR: /home/u754458241/domains/morsall.com/public_html/app_new
[2026-05-12T19:29:43.265Z] NODE_MODULES: /home/u754458241/domains/morsall.com/public_html/app_new/node_modules exists: true
[2026-05-12T19:29:43.268Z] STARTUP_ERROR: Cannot find module 'styled-jsx/package.json'
Require stack:
- /home/u754458241/domains/morsall.com/public_html/app_new/node_modules/next/dist/server/require-hook.js
- /home/u754458241/domains/morsall.com/public_html/app_new/node_modules/next/dist/server/next.js
- /home/u754458241/domains/morsall.com/public_html/app_new/app.js
- /usr/local/lsws/fcgi-bin/lsnode.js
[2026-05-12T19:29:43.269Z] Error: Cannot find module 'styled-jsx/package.json'
Require stack:
- /home/u754458241/domains/morsall.com/public_html/app_new/node_modules/next/dist/server/require-hook.js
- /home/u754458241/domains/morsall.com/public_html/app_new/node_modules/next/dist/server/next.js
- /home/u754458241/domains/morsall.com/public_html/app_new/app.js
- /usr/local/lsws/fcgi-bin/lsnode.js
    at Module._resolveFilename (node:internal/modules/cjs/loader:1212:15)
    at resolve (node:internal/modules/helpers:193:19)
    at Object.<anonymous> (/home/u754458241/domains/morsall.com/public_html/app_new/node_modules/next/dist/server/require-hook.js:39:32)
    at Module._compile (node:internal/modules/cjs/loader:1529:14)
    at Module._extensions..js (node:internal/modules/cjs/loader:1613:10)
    at Module.load (node:internal/modules/cjs/loader:1275:32)
    at Module._load (node:internal/modules/cjs/loader:1096:12)
    at Module.require (node:internal/modules/cjs/loader:1298:19)
    at require (node:internal/modules/helpers:182:18)
    at Object.<anonymous> (/home/u754458241/domains/morsall.com/public_html/app_new/node_modules/next/dist/server/next.js:25:1)
[2026-05-12T19:29:49.334Z] --- SERVER STARTING ---
[2026-05-12T19:29:49.335Z] APP_DIR: /home/u754458241/domains/morsall.com/public_html/app_new
[2026-05-12T19:29:49.335Z] NODE_MODULES: /home/u754458241/domains/morsall.com/public_html/app_new/node_modules exists: true
[2026-05-12T19:29:49.339Z] STARTUP_ERROR: Cannot find module 'styled-jsx/package.json'
Require stack:
- /home/u754458241/domains/morsall.com/public_html/app_new/node_modules/next/dist/server/require-hook.js
- /home/u754458241/domains/morsall.com/public_html/app_new/node_modules/next/dist/server/next.js
- /home/u754458241/domains/morsall.com/public_html/app_new/app.js
- /usr/local/lsws/fcgi-bin/lsnode.js
[2026-05-12T19:29:49.339Z] Error: Cannot find module 'styled-jsx/package.json'
Require stack:
- /home/u754458241/domains/morsall.com/public_html/app_new/node_modules/next/dist/server/require-hook.js
- /home/u754458241/domains/morsall.com/public_html/app_new/node_modules/next/dist/server/next.js
- /home/u754458241/domains/morsall.com/public_html/app_new/app.js
- /usr/local/lsws/fcgi-bin/lsnode.js
    at Module._resolveFilename (node:internal/modules/cjs/loader:1212:15)
    at resolve (node:internal/modules/helpers:193:19)
    at Object.<anonymous> (/home/u754458241/domains/morsall.com/public_html/app_new/node_modules/next/dist/server/require-hook.js:39:32)
    at Module._compile (node:internal/modules/cjs/loader:1529:14)
    at Module._extensions..js (node:internal/modules/cjs/loader:1613:10)
    at Module.load (node:internal/modules/cjs/loader:1275:32)
    at Module._load (node:internal/modules/cjs/loader:1096:12)
    at Module.require (node:internal/modules/cjs/loader:1298:19)
    at require (node:internal/modules/helpers:182:18)
    at Object.<anonymous> (/home/u754458241/domains/morsall.com/public_html/app_new/node_modules/next/dist/server/next.js:25:1)
[2026-05-12T19:29:51.844Z] --- SERVER STARTING ---
[2026-05-12T19:29:51.845Z] APP_DIR: /home/u754458241/domains/morsall.com/public_html/app_new
[2026-05-12T19:29:51.845Z] NODE_MODULES: /home/u754458241/domains/morsall.com/public_html/app_new/node_modules exists: true
[2026-05-12T19:29:51.848Z] STARTUP_ERROR: Cannot find module 'styled-jsx/package.json'
Require stack:
- /home/u754458241/domains/morsall.com/public_html/app_new/node_modules/next/dist/server/require-hook.js
- /home/u754458241/domains/morsall.com/public_html/app_new/node_modules/next/dist/server/next.js
- /home/u754458241/domains/morsall.com/public_html/app_new/app.js
- /usr/local/lsws/fcgi-bin/lsnode.js
[2026-05-12T19:29:51.849Z] Error: Cannot find module 'styled-jsx/package.json'
Require stack:
- /home/u754458241/domains/morsall.com/public_html/app_new/node_modules/next/dist/server/require-hook.js
- /home/u754458241/domains/morsall.com/public_html/app_new/node_modules/next/dist/server/next.js
- /home/u754458241/domains/morsall.com/public_html/app_new/app.js
- /usr/local/lsws/fcgi-bin/lsnode.js
    at Module._resolveFilename (node:internal/modules/cjs/loader:1212:15)
    at resolve (node:internal/modules/helpers:193:19)
    at Object.<anonymous> (/home/u754458241/domains/morsall.com/public_html/app_new/node_modules/next/dist/server/require-hook.js:39:32)
    at Module._compile (node:internal/modules/cjs/loader:1529:14)
    at Module._extensions..js (node:internal/modules/cjs/loader:1613:10)
    at Module.load (node:internal/modules/cjs/loader:1275:32)
    at Module._load (node:internal/modules/cjs/loader:1096:12)
    at Module.require (node:internal/modules/cjs/loader:1298:19)
    at require (node:internal/modules/helpers:182:18)
    at Object.<anonymous> (/home/u754458241/domains/morsall.com/public_html/app_new/node_modules/next/dist/server/next.js:25:1)
[2026-05-12T19:29:52.443Z] --- SERVER STARTING ---
[2026-05-12T19:29:52.444Z] APP_DIR: /home/u754458241/domains/morsall.com/public_html/app_new
[2026-05-12T19:29:52.444Z] NODE_MODULES: /home/u754458241/domains/morsall.com/public_html/app_new/node_modules exists: true
[2026-05-12T19:29:52.448Z] STARTUP_ERROR: Cannot find module 'styled-jsx/package.json'
Require stack:
- /home/u754458241/domains/morsall.com/public_html/app_new/node_modules/next/dist/server/require-hook.js
- /home/u754458241/domains/morsall.com/public_html/app_new/node_modules/next/dist/server/next.js
- /home/u754458241/domains/morsall.com/public_html/app_new/app.js
- /usr/local/lsws/fcgi-bin/lsnode.js
[2026-05-12T19:29:52.448Z] Error: Cannot find module 'styled-jsx/package.json'
Require stack:
- /home/u754458241/domains/morsall.com/public_html/app_new/node_modules/next/dist/server/require-hook.js
- /home/u754458241/domains/morsall.com/public_html/app_new/node_modules/next/dist/server/next.js
- /home/u754458241/domains/morsall.com/public_html/app_new/app.js
- /usr/local/lsws/fcgi-bin/lsnode.js
    at Module._resolveFilename (node:internal/modules/cjs/loader:1212:15)
    at resolve (node:internal/modules/helpers:193:19)
    at Object.<anonymous> (/home/u754458241/domains/morsall.com/public_html/app_new/node_modules/next/dist/server/require-hook.js:39:32)
    at Module._compile (node:internal/modules/cjs/loader:1529:14)
    at Module._extensions..js (node:internal/modules/cjs/loader:1613:10)
    at Module.load (node:internal/modules/cjs/loader:1275:32)
    at Module._load (node:internal/modules/cjs/loader:1096:12)
    at Module.require (node:internal/modules/cjs/loader:1298:19)
    at require (node:internal/modules/helpers:182:18)
    at Object.<anonymous> (/home/u754458241/domains/morsall.com/public_html/app_new/node_modules/next/dist/server/next.js:25:1)
[2026-05-12T19:29:52.998Z] --- SERVER STARTING ---
[2026-05-12T19:29:52.999Z] APP_DIR: /home/u754458241/domains/morsall.com/public_html/app_new
[2026-05-12T19:29:52.999Z] NODE_MODULES: /home/u754458241/domains/morsall.com/public_html/app_new/node_modules exists: true
[2026-05-12T19:29:53.003Z] STARTUP_ERROR: Cannot find module 'styled-jsx/package.json'
Require stack:
- /home/u754458241/domains/morsall.com/public_html/app_new/node_modules/next/dist/server/require-hook.js
- /home/u754458241/domains/morsall.com/public_html/app_new/node_modules/next/dist/server/next.js
- /home/u754458241/domains/morsall.com/public_html/app_new/app.js
- /usr/local/lsws/fcgi-bin/lsnode.js
[2026-05-12T19:29:53.003Z] Error: Cannot find module 'styled-jsx/package.json'
Require stack:
- /home/u754458241/domains/morsall.com/public_html/app_new/node_modules/next/dist/server/require-hook.js
- /home/u754458241/domains/morsall.com/public_html/app_new/node_modules/next/dist/server/next.js
- /home/u754458241/domains/morsall.com/public_html/app_new/app.js
- /usr/local/lsws/fcgi-bin/lsnode.js
    at Module._resolveFilename (node:internal/modules/cjs/loader:1212:15)
    at resolve (node:internal/modules/helpers:193:19)
    at Object.<anonymous> (/home/u754458241/domains/morsall.com/public_html/app_new/node_modules/next/dist/server/require-hook.js:39:32)
    at Module._compile (node:internal/modules/cjs/loader:1529:14)
    at Module._extensions..js (node:internal/modules/cjs/loader:1613:10)
    at Module.load (node:internal/modules/cjs/loader:1275:32)
    at Module._load (node:internal/modules/cjs/loader:1096:12)
    at Module.require (node:internal/modules/cjs/loader:1298:19)
    at require (node:internal/modules/helpers:182:18)
    at Object.<anonymous> (/home/u754458241/domains/morsall.com/public_html/app_new/node_modules/next/dist/server/next.js:25:1)
[2026-05-12T19:29:53.108Z] --- SERVER STARTING ---
[2026-05-12T19:29:53.109Z] APP_DIR: /home/u754458241/domains/morsall.com/public_html/app_new
[2026-05-12T19:29:53.109Z] NODE_MODULES: /home/u754458241/domains/morsall.com/public_html/app_new/node_modules exists: true
[2026-05-12T19:29:53.113Z] STARTUP_ERROR: Cannot find module 'styled-jsx/package.json'
Require stack:
- /home/u754458241/domains/morsall.com/public_html/app_new/node_modules/next/dist/server/require-hook.js
- /home/u754458241/domains/morsall.com/public_html/app_new/node_modules/next/dist/server/next.js
- /home/u754458241/domains/morsall.com/public_html/app_new/app.js
- /usr/local/lsws/fcgi-bin/lsnode.js
[2026-05-12T19:29:53.113Z] Error: Cannot find module 'styled-jsx/package.json'
Require stack:
- /home/u754458241/domains/morsall.com/public_html/app_new/node_modules/next/dist/server/require-hook.js
- /home/u754458241/domains/morsall.com/public_html/app_new/node_modules/next/dist/server/next.js
- /home/u754458241/domains/morsall.com/public_html/app_new/app.js
- /usr/local/lsws/fcgi-bin/lsnode.js
    at Module._resolveFilename (node:internal/modules/cjs/loader:1212:15)
    at resolve (node:internal/modules/helpers:193:19)
    at Object.<anonymous> (/home/u754458241/domains/morsall.com/public_html/app_new/node_modules/next/dist/server/require-hook.js:39:32)
    at Module._compile (node:internal/modules/cjs/loader:1529:14)
    at Module._extensions..js (node:internal/modules/cjs/loader:1613:10)
    at Module.load (node:internal/modules/cjs/loader:1275:32)
    at Module._load (node:internal/modules/cjs/loader:1096:12)
    at Module.require (node:internal/modules/cjs/loader:1298:19)
    at require (node:internal/modules/helpers:182:18)
    at Object.<anonymous> (/home/u754458241/domains/morsall.com/public_html/app_new/node_modules/next/dist/server/next.js:25:1)
[2026-05-12T19:29:56.102Z] --- SERVER STARTING ---
[2026-05-12T19:29:56.103Z] APP_DIR: /home/u754458241/domains/morsall.com/public_html/app_new
[2026-05-12T19:29:56.103Z] NODE_MODULES: /home/u754458241/domains/morsall.com/public_html/app_new/node_modules exists: true
[2026-05-12T19:29:56.107Z] STARTUP_ERROR: Cannot find module 'styled-jsx/package.json'
Require stack:
- /home/u754458241/domains/morsall.com/public_html/app_new/node_modules/next/dist/server/require-hook.js
- /home/u754458241/domains/morsall.com/public_html/app_new/node_modules/next/dist/server/next.js
- /home/u754458241/domains/morsall.com/public_html/app_new/app.js
- /usr/local/lsws/fcgi-bin/lsnode.js
[2026-05-12T19:29:56.107Z] Error: Cannot find module 'styled-jsx/package.json'
Require stack:
- /home/u754458241/domains/morsall.com/public_html/app_new/node_modules/next/dist/server/require-hook.js
- /home/u754458241/domains/morsall.com/public_html/app_new/node_modules/next/dist/server/next.js
- /home/u754458241/domains/morsall.com/public_html/app_new/app.js
- /usr/local/lsws/fcgi-bin/lsnode.js
    at Module._resolveFilename (node:internal/modules/cjs/loader:1212:15)
    at resolve (node:internal/modules/helpers:193:19)
    at Object.<anonymous> (/home/u754458241/domains/morsall.com/public_html/app_new/node_modules/next/dist/server/require-hook.js:39:32)
    at Module._compile (node:internal/modules/cjs/loader:1529:14)
    at Module._extensions..js (node:internal/modules/cjs/loader:1613:10)
    at Module.load (node:internal/modules/cjs/loader:1275:32)
    at Module._load (node:internal/modules/cjs/loader:1096:12)
    at Module.require (node:internal/modules/cjs/loader:1298:19)
    at require (node:internal/modules/helpers:182:18)
    at Object.<anonymous> (/home/u754458241/domains/morsall.com/public_html/app_new/node_modules/next/dist/server/next.js:25:1)
[2026-05-12T19:29:56.154Z] --- SERVER STARTING ---
[2026-05-12T19:29:56.155Z] APP_DIR: /home/u754458241/domains/morsall.com/public_html/app_new
[2026-05-12T19:29:56.155Z] NODE_MODULES: /home/u754458241/domains/morsall.com/public_html/app_new/node_modules exists: true
[2026-05-12T19:29:56.158Z] STARTUP_ERROR: Cannot find module 'styled-jsx/package.json'
Require stack:
- /home/u754458241/domains/morsall.com/public_html/app_new/node_modules/next/dist/server/require-hook.js
- /home/u754458241/domains/morsall.com/public_html/app_new/node_modules/next/dist/server/next.js
- /home/u754458241/domains/morsall.com/public_html/app_new/app.js
- /usr/local/lsws/fcgi-bin/lsnode.js
[2026-05-12T19:29:56.158Z] Error: Cannot find module 'styled-jsx/package.json'
Require stack:
- /home/u754458241/domains/morsall.com/public_html/app_new/node_modules/next/dist/server/require-hook.js
- /home/u754458241/domains/morsall.com/public_html/app_new/node_modules/next/dist/server/next.js
- /home/u754458241/domains/morsall.com/public_html/app_new/app.js
- /usr/local/lsws/fcgi-bin/lsnode.js
    at Module._resolveFilename (node:internal/modules/cjs/loader:1212:15)
    at resolve (node:internal/modules/helpers:193:19)
    at Object.<anonymous> (/home/u754458241/domains/morsall.com/public_html/app_new/node_modules/next/dist/server/require-hook.js:39:32)
    at Module._compile (node:internal/modules/cjs/loader:1529:14)
    at Module._extensions..js (node:internal/modules/cjs/loader:1613:10)
    at Module.load (node:internal/modules/cjs/loader:1275:32)
    at Module._load (node:internal/modules/cjs/loader:1096:12)
    at Module.require (node:internal/modules/cjs/loader:1298:19)
    at require (node:internal/modules/helpers:182:18)
    at Object.<anonymous> (/home/u754458241/domains/morsall.com/public_html/app_new/node_modules/next/dist/server/next.js:25:1)
[2026-05-12T19:29:58.850Z] --- SERVER STARTING ---
[2026-05-12T19:29:58.851Z] APP_DIR: /home/u754458241/domains/morsall.com/public_html/app_new
[2026-05-12T19:29:58.851Z] NODE_MODULES: /home/u754458241/domains/morsall.com/public_html/app_new/node_modules exists: true
[2026-05-12T19:29:58.854Z] STARTUP_ERROR: Cannot find module 'styled-jsx/package.json'
Require stack:
- /home/u754458241/domains/morsall.com/public_html/app_new/node_modules/next/dist/server/require-hook.js
- /home/u754458241/domains/morsall.com/public_html/app_new/node_modules/next/dist/server/next.js
- /home/u754458241/domains/morsall.com/public_html/app_new/app.js
- /usr/local/lsws/fcgi-bin/lsnode.js
[2026-05-12T19:29:58.854Z] Error: Cannot find module 'styled-jsx/package.json'
Require stack:
- /home/u754458241/domains/morsall.com/public_html/app_new/node_modules/next/dist/server/require-hook.js
- /home/u754458241/domains/morsall.com/public_html/app_new/node_modules/next/dist/server/next.js
- /home/u754458241/domains/morsall.com/public_html/app_new/app.js
- /usr/local/lsws/fcgi-bin/lsnode.js
    at Module._resolveFilename (node:internal/modules/cjs/loader:1212:15)
    at resolve (node:internal/modules/helpers:193:19)
    at Object.<anonymous> (/home/u754458241/domains/morsall.com/public_html/app_new/node_modules/next/dist/server/require-hook.js:39:32)
    at Module._compile (node:internal/modules/cjs/loader:1529:14)
    at Module._extensions..js (node:internal/modules/cjs/loader:1613:10)
    at Module.load (node:internal/modules/cjs/loader:1275:32)
    at Module._load (node:internal/modules/cjs/loader:1096:12)
    at Module.require (node:internal/modules/cjs/loader:1298:19)
    at require (node:internal/modules/helpers:182:18)
    at Object.<anonymous> (/home/u754458241/domains/morsall.com/public_html/app_new/node_modules/next/dist/server/next.js:25:1)
[2026-05-12T19:30:05.116Z] --- SERVER STARTING ---
[2026-05-12T19:30:05.117Z] APP_DIR: /home/u754458241/domains/morsall.com/public_html/app_new
[2026-05-12T19:30:05.118Z] NODE_MODULES: /home/u754458241/domains/morsall.com/public_html/app_new/node_modules exists: true
[2026-05-12T19:30:05.121Z] STARTUP_ERROR: Cannot find module 'styled-jsx/package.json'
Require stack:
- /home/u754458241/domains/morsall.com/public_html/app_new/node_modules/next/dist/server/require-hook.js
- /home/u754458241/domains/morsall.com/public_html/app_new/node_modules/next/dist/server/next.js
- /home/u754458241/domains/morsall.com/public_html/app_new/app.js
- /usr/local/lsws/fcgi-bin/lsnode.js
[2026-05-12T19:30:05.121Z] Error: Cannot find module 'styled-jsx/package.json'
Require stack:
- /home/u754458241/domains/morsall.com/public_html/app_new/node_modules/next/dist/server/require-hook.js
- /home/u754458241/domains/morsall.com/public_html/app_new/node_modules/next/dist/server/next.js
- /home/u754458241/domains/morsall.com/public_html/app_new/app.js
- /usr/local/lsws/fcgi-bin/lsnode.js
    at Module._resolveFilename (node:internal/modules/cjs/loader:1212:15)
    at resolve (node:internal/modules/helpers:193:19)
    at Object.<anonymous> (/home/u754458241/domains/morsall.com/public_html/app_new/node_modules/next/dist/server/require-hook.js:39:32)
    at Module._compile (node:internal/modules/cjs/loader:1529:14)
    at Module._extensions..js (node:internal/modules/cjs/loader:1613:10)
    at Module.load (node:internal/modules/cjs/loader:1275:32)
    at Module._load (node:internal/modules/cjs/loader:1096:12)
    at Module.require (node:internal/modules/cjs/loader:1298:19)
    at require (node:internal/modules/helpers:182:18)
    at Object.<anonymous> (/home/u754458241/domains/morsall.com/public_html/app_new/node_modules/next/dist/server/next.js:25:1)
[2026-05-12T19:30:05.365Z] --- SERVER STARTING ---
[2026-05-12T19:30:05.366Z] APP_DIR: /home/u754458241/domains/morsall.com/public_html/app_new
[2026-05-12T19:30:05.366Z] NODE_MODULES: /home/u754458241/domains/morsall.com/public_html/app_new/node_modules exists: true
[2026-05-12T19:30:05.369Z] STARTUP_ERROR: Cannot find module 'styled-jsx/package.json'
Require stack:
- /home/u754458241/domains/morsall.com/public_html/app_new/node_modules/next/dist/server/require-hook.js
- /home/u754458241/domains/morsall.com/public_html/app_new/node_modules/next/dist/server/next.js
- /home/u754458241/domains/morsall.com/public_html/app_new/app.js
- /usr/local/lsws/fcgi-bin/lsnode.js
[2026-05-12T19:30:05.370Z] Error: Cannot find module 'styled-jsx/package.json'
Require stack:
- /home/u754458241/domains/morsall.com/public_html/app_new/node_modules/next/dist/server/require-hook.js
- /home/u754458241/domains/morsall.com/public_html/app_new/node_modules/next/dist/server/next.js
- /home/u754458241/domains/morsall.com/public_html/app_new/app.js
- /usr/local/lsws/fcgi-bin/lsnode.js
    at Module._resolveFilename (node:internal/modules/cjs/loader:1212:15)
    at resolve (node:internal/modules/helpers:193:19)
    at Object.<anonymous> (/home/u754458241/domains/morsall.com/public_html/app_new/node_modules/next/dist/server/require-hook.js:39:32)
    at Module._compile (node:internal/modules/cjs/loader:1529:14)
    at Module._extensions..js (node:internal/modules/cjs/loader:1613:10)
    at Module.load (node:internal/modules/cjs/loader:1275:32)
    at Module._load (node:internal/modules/cjs/loader:1096:12)
    at Module.require (node:internal/modules/cjs/loader:1298:19)
    at require (node:internal/modules/helpers:182:18)
    at Object.<anonymous> (/home/u754458241/domains/morsall.com/public_html/app_new/node_modules/next/dist/server/next.js:25:1)
[2026-05-12T19:30:06.232Z] --- SERVER STARTING ---
[2026-05-12T19:30:06.233Z] APP_DIR: /home/u754458241/domains/morsall.com/public_html/app_new
[2026-05-12T19:30:06.233Z] NODE_MODULES: /home/u754458241/domains/morsall.com/public_html/app_new/node_modules exists: true
[2026-05-12T19:30:06.236Z] STARTUP_ERROR: Cannot find module 'styled-jsx/package.json'
Require stack:
- /home/u754458241/domains/morsall.com/public_html/app_new/node_modules/next/dist/server/require-hook.js
- /home/u754458241/domains/morsall.com/public_html/app_new/node_modules/next/dist/server/next.js
- /home/u754458241/domains/morsall.com/public_html/app_new/app.js
- /usr/local/lsws/fcgi-bin/lsnode.js
[2026-05-12T19:30:06.237Z] Error: Cannot find module 'styled-jsx/package.json'
Require stack:
- /home/u754458241/domains/morsall.com/public_html/app_new/node_modules/next/dist/server/require-hook.js
- /home/u754458241/domains/morsall.com/public_html/app_new/node_modules/next/dist/server/next.js
- /home/u754458241/domains/morsall.com/public_html/app_new/app.js
- /usr/local/lsws/fcgi-bin/lsnode.js
    at Module._resolveFilename (node:internal/modules/cjs/loader:1212:15)
    at resolve (node:internal/modules/helpers:193:19)
    at Object.<anonymous> (/home/u754458241/domains/morsall.com/public_html/app_new/node_modules/next/dist/server/require-hook.js:39:32)
    at Module._compile (node:internal/modules/cjs/loader:1529:14)
    at Module._extensions..js (node:internal/modules/cjs/loader:1613:10)
    at Module.load (node:internal/modules/cjs/loader:1275:32)
    at Module._load (node:internal/modules/cjs/loader:1096:12)
    at Module.require (node:internal/modules/cjs/loader:1298:19)
    at require (node:internal/modules/helpers:182:18)
    at Object.<anonymous> (/home/u754458241/domains/morsall.com/public_html/app_new/node_modules/next/dist/server/next.js:25:1)
[2026-05-12T19:30:06.582Z] --- SERVER STARTING ---
[2026-05-12T19:30:06.583Z] APP_DIR: /home/u754458241/domains/morsall.com/public_html/app_new
[2026-05-12T19:30:06.583Z] NODE_MODULES: /home/u754458241/domains/morsall.com/public_html/app_new/node_modules exists: true
[2026-05-12T19:30:06.588Z] STARTUP_ERROR: Cannot find module 'styled-jsx/package.json'
Require stack:
- /home/u754458241/domains/morsall.com/public_html/app_new/node_modules/next/dist/server/require-hook.js
- /home/u754458241/domains/morsall.com/public_html/app_new/node_modules/next/dist/server/next.js
- /home/u754458241/domains/morsall.com/public_html/app_new/app.js
- /usr/local/lsws/fcgi-bin/lsnode.js
[2026-05-12T19:30:06.589Z] Error: Cannot find module 'styled-jsx/package.json'
Require stack:
- /home/u754458241/domains/morsall.com/public_html/app_new/node_modules/next/dist/server/require-hook.js
- /home/u754458241/domains/morsall.com/public_html/app_new/node_modules/next/dist/server/next.js
- /home/u754458241/domains/morsall.com/public_html/app_new/app.js
- /usr/local/lsws/fcgi-bin/lsnode.js
    at Module._resolveFilename (node:internal/modules/cjs/loader:1212:15)
    at resolve (node:internal/modules/helpers:193:19)
    at Object.<anonymous> (/home/u754458241/domains/morsall.com/public_html/app_new/node_modules/next/dist/server/require-hook.js:39:32)
    at Module._compile (node:internal/modules/cjs/loader:1529:14)
    at Module._extensions..js (node:internal/modules/cjs/loader:1613:10)
    at Module.load (node:internal/modules/cjs/loader:1275:32)
    at Module._load (node:internal/modules/cjs/loader:1096:12)
    at Module.require (node:internal/modules/cjs/loader:1298:19)
    at require (node:internal/modules/helpers:182:18)
    at Object.<anonymous> (/home/u754458241/domains/morsall.com/public_html/app_new/node_modules/next/dist/server/next.js:25:1)
[2026-05-12T19:37:38.621Z] --- SERVER STARTING ---
[2026-05-12T19:37:38.622Z] APP_DIR: /home/u754458241/domains/morsall.com/public_html/app_new
[2026-05-12T19:37:38.622Z] __dirname: /home/u754458241/domains/morsall.com/public_html/app_new
[2026-05-12T19:37:38.622Z] cwd: /home/u754458241/domains/morsall.com/public_html/app_new
[2026-05-12T19:37:38.622Z] NODE_MODULES: /home/u754458241/domains/morsall.com/public_html/app_new/node_modules exists: true
[2026-05-12T19:37:38.626Z] STARTUP_ERROR: Cannot find module 'styled-jsx/package.json'
Require stack:
- /home/u754458241/domains/morsall.com/public_html/app_new/node_modules/next/dist/server/require-hook.js
- /home/u754458241/domains/morsall.com/public_html/app_new/node_modules/next/dist/server/next.js
- /home/u754458241/domains/morsall.com/public_html/app_new/app.js
- /usr/local/lsws/fcgi-bin/lsnode.js
[2026-05-12T19:37:38.626Z] Error: Cannot find module 'styled-jsx/package.json'
Require stack:
- /home/u754458241/domains/morsall.com/public_html/app_new/node_modules/next/dist/server/require-hook.js
- /home/u754458241/domains/morsall.com/public_html/app_new/node_modules/next/dist/server/next.js
- /home/u754458241/domains/morsall.com/public_html/app_new/app.js
- /usr/local/lsws/fcgi-bin/lsnode.js
    at Module._resolveFilename (node:internal/modules/cjs/loader:1212:15)
    at resolve (node:internal/modules/helpers:193:19)
    at Object.<anonymous> (/home/u754458241/domains/morsall.com/public_html/app_new/node_modules/next/dist/server/require-hook.js:39:32)
    at Module._compile (node:internal/modules/cjs/loader:1529:14)
    at Module._extensions..js (node:internal/modules/cjs/loader:1613:10)
    at Module.load (node:internal/modules/cjs/loader:1275:32)
    at Module._load (node:internal/modules/cjs/loader:1096:12)
    at Module.require (node:internal/modules/cjs/loader:1298:19)
    at require (node:internal/modules/helpers:182:18)
    at Object.<anonymous> (/home/u754458241/domains/morsall.com/public_html/app_new/node_modules/next/dist/server/next.js:25:1)
[2026-05-12T19:37:39.673Z] --- SERVER STARTING ---
[2026-05-12T19:37:39.674Z] APP_DIR: /home/u754458241/domains/morsall.com/public_html/app_new
[2026-05-12T19:37:39.674Z] __dirname: /home/u754458241/domains/morsall.com/public_html/app_new
[2026-05-12T19:37:39.674Z] cwd: /home/u754458241/domains/morsall.com/public_html/app_new
[2026-05-12T19:37:39.674Z] NODE_MODULES: /home/u754458241/domains/morsall.com/public_html/app_new/node_modules exists: true
[2026-05-12T19:37:39.677Z] STARTUP_ERROR: Cannot find module 'styled-jsx/package.json'
Require stack:
- /home/u754458241/domains/morsall.com/public_html/app_new/node_modules/next/dist/server/require-hook.js
- /home/u754458241/domains/morsall.com/public_html/app_new/node_modules/next/dist/server/next.js
- /home/u754458241/domains/morsall.com/public_html/app_new/app.js
- /usr/local/lsws/fcgi-bin/lsnode.js
[2026-05-12T19:37:39.678Z] Error: Cannot find module 'styled-jsx/package.json'
Require stack:
- /home/u754458241/domains/morsall.com/public_html/app_new/node_modules/next/dist/server/require-hook.js
- /home/u754458241/domains/morsall.com/public_html/app_new/node_modules/next/dist/server/next.js
- /home/u754458241/domains/morsall.com/public_html/app_new/app.js
- /usr/local/lsws/fcgi-bin/lsnode.js
    at Module._resolveFilename (node:internal/modules/cjs/loader:1212:15)
    at resolve (node:internal/modules/helpers:193:19)
    at Object.<anonymous> (/home/u754458241/domains/morsall.com/public_html/app_new/node_modules/next/dist/server/require-hook.js:39:32)
    at Module._compile (node:internal/modules/cjs/loader:1529:14)
    at Module._extensions..js (node:internal/modules/cjs/loader:1613:10)
    at Module.load (node:internal/modules/cjs/loader:1275:32)
    at Module._load (node:internal/modules/cjs/loader:1096:12)
    at Module.require (node:internal/modules/cjs/loader:1298:19)
    at require (node:internal/modules/helpers:182:18)
    at Object.<anonymous> (/home/u754458241/domains/morsall.com/public_html/app_new/node_modules/next/dist/server/next.js:25:1)
[2026-05-12T19:49:54.813Z] --- SERVER STARTING ---
[2026-05-12T19:49:54.814Z] APP_DIR: /home/u754458241/domains/morsall.com/public_html/app_new
[2026-05-12T19:49:54.815Z] __dirname: /home/u754458241/domains/morsall.com/public_html/app_new
[2026-05-12T19:49:54.815Z] cwd: /home/u754458241/domains/morsall.com/public_html/app_new
[2026-05-12T19:49:54.815Z] NODE_MODULES: /home/u754458241/domains/morsall.com/public_html/app_new/node_modules exists: true
[2026-05-12T19:49:54.818Z] STARTUP_ERROR: Cannot find module 'styled-jsx/package.json'
Require stack:
- /home/u754458241/domains/morsall.com/public_html/app_new/node_modules/next/dist/server/require-hook.js
- /home/u754458241/domains/morsall.com/public_html/app_new/node_modules/next/dist/server/next.js
- /home/u754458241/domains/morsall.com/public_html/app_new/start_morsall.js
- /usr/local/lsws/fcgi-bin/lsnode.js
[2026-05-12T19:49:54.819Z] Error: Cannot find module 'styled-jsx/package.json'
Require stack:
- /home/u754458241/domains/morsall.com/public_html/app_new/node_modules/next/dist/server/require-hook.js
- /home/u754458241/domains/morsall.com/public_html/app_new/node_modules/next/dist/server/next.js
- /home/u754458241/domains/morsall.com/public_html/app_new/start_morsall.js
- /usr/local/lsws/fcgi-bin/lsnode.js
    at Module._resolveFilename (node:internal/modules/cjs/loader:1212:15)
    at resolve (node:internal/modules/helpers:193:19)
    at Object.<anonymous> (/home/u754458241/domains/morsall.com/public_html/app_new/node_modules/next/dist/server/require-hook.js:39:32)
    at Module._compile (node:internal/modules/cjs/loader:1529:14)
    at Module._extensions..js (node:internal/modules/cjs/loader:1613:10)
    at Module.load (node:internal/modules/cjs/loader:1275:32)
    at Module._load (node:internal/modules/cjs/loader:1096:12)
    at Module.require (node:internal/modules/cjs/loader:1298:19)
    at require (node:internal/modules/helpers:182:18)
    at Object.<anonymous> (/home/u754458241/domains/morsall.com/public_html/app_new/node_modules/next/dist/server/next.js:25:1)
node:internal/modules/cjs/loader:1215
  throw err;
  ^

Error: Cannot find module '/home/u754458241/domains/morsall.com/public_html/app_new/start_morsall.js'
Require stack:
- /usr/local/lsws/fcgi-bin/lsnode.js
    at Module._resolveFilename (node:internal/modules/cjs/loader:1212:15)
    at Module._load (node:internal/modules/cjs/loader:1043:27)
    at Module.require (node:internal/modules/cjs/loader:1298:19)
    at require (node:internal/modules/helpers:182:18)
    at startApplication (/usr/local/lsws/fcgi-bin/lsnode.js:51:15)
    at Object.<anonymous> (/usr/local/lsws/fcgi-bin/lsnode.js:16:1)
    at Module._compile (node:internal/modules/cjs/loader:1529:14)
    at Module._extensions..js (node:internal/modules/cjs/loader:1613:10)
    at Module.load (node:internal/modules/cjs/loader:1275:32)
    at Module._load (node:internal/modules/cjs/loader:1096:12) {
  code: 'MODULE_NOT_FOUND',
  requireStack: [ '/usr/local/lsws/fcgi-bin/lsnode.js' ]
}

Node.js v20.19.4
node:internal/modules/cjs/loader:1215
  throw err;
  ^

Error: Cannot find module '/home/u754458241/domains/morsall.com/public_html/app_new/start_morsall.js'
Require stack:
- /usr/local/lsws/fcgi-bin/lsnode.js
    at Module._resolveFilename (node:internal/modules/cjs/loader:1212:15)
    at Module._load (node:internal/modules/cjs/loader:1043:27)
    at Module.require (node:internal/modules/cjs/loader:1298:19)
    at require (node:internal/modules/helpers:182:18)
    at startApplication (/usr/local/lsws/fcgi-bin/lsnode.js:51:15)
    at Object.<anonymous> (/usr/local/lsws/fcgi-bin/lsnode.js:16:1)
    at Module._compile (node:internal/modules/cjs/loader:1529:14)
    at Module._extensions..js (node:internal/modules/cjs/loader:1613:10)
    at Module.load (node:internal/modules/cjs/loader:1275:32)
    at Module._load (node:internal/modules/cjs/loader:1096:12) {
  code: 'MODULE_NOT_FOUND',
  requireStack: [ '/usr/local/lsws/fcgi-bin/lsnode.js' ]
}

Node.js v20.19.4
thread 'tokio-runtime-worker' panicked at /root/.cargo/registry/src/index.crates.io-6f17d22bba15001f/futures-timer-3.0.2/src/native/delay.rs:112:21:
timer has gone away
note: run with `RUST_BACKTRACE=1` environment variable to display a backtrace
thread 'tokio-runtime-worker' panicked at /root/.cargo/registry/src/index.crates.io-6f17d22bba15001f/futures-timer-3.0.2/src/native/delay.rs:112:21:
timer has gone away
note: run with `RUST_BACKTRACE=1` environment variable to display a backtrace
thread 'tokio-runtime-worker' panicked at /root/.cargo/registry/src/index.crates.io-6f17d22bba15001f/futures-timer-3.0.2/src/native/delay.rs:112:21:
timer has gone away
thread 'tokio-runtime-worker' panicked at /root/.cargo/registry/src/index.crates.io-6f17d22bba15001f/futures-timer-3.0.2/src/native/delay.rs:112:21:
timer has gone away
thread 'tokio-runtime-worker' panicked at /root/.cargo/registry/src/index.crates.io-6f17d22bba15001f/futures-timer-3.0.2/src/native/delay.rs:112:21:
timer has gone away
thread 'tokio-runtime-worker' panicked at /root/.cargo/registry/src/index.crates.io-6f17d22bba15001f/futures-timer-3.0.2/src/native/delay.rs:112:21:
timer has gone away
thread 'tokio-runtime-worker' panicked at /root/.cargo/registry/src/index.crates.io-6f17d22bba15001f/futures-timer-3.0.2/src/native/delay.rs:112:21:
timer has gone away
thread 'tokio-runtime-worker' panicked at /root/.cargo/registry/src/index.crates.io-6f17d22bba15001f/futures-timer-3.0.2/src/native/delay.rs:112:21:
timer has gone away
thread 'tokio-runtime-worker' panicked at /root/.cargo/registry/src/index.crates.io-6f17d22bba15001f/futures-timer-3.0.2/src/native/delay.rs:112:21:
timer has gone away
thread 'tokio-runtime-worker' panicked at /root/.cargo/registry/src/index.crates.io-6f17d22bba15001f/futures-timer-3.0.2/src/native/delay.rs:112:21:
timer has gone away
thread 'tokio-runtime-worker' panicked at /root/.cargo/registry/src/index.crates.io-6f17d22bba15001f/futures-timer-3.0.2/src/native/delay.rs:112:21:
timer has gone away
note: run with `RUST_BACKTRACE=1` environment variable to display a backtrace
thread 'tokio-runtime-worker' panicked at /root/.cargo/registry/src/index.crates.io-6f17d22bba15001f/futures-timer-3.0.2/src/native/delay.rs:112:21:
timer has gone away
thread 'tokio-runtime-worker' panicked at /root/.cargo/registry/src/index.crates.io-6f17d22bba15001f/futures-timer-3.0.2/src/native/delay.rs:112:21:
timer has gone away
thread 'tokio-runtime-worker' panicked at /root/.cargo/registry/src/index.crates.io-6f17d22bba15001f/futures-timer-3.0.2/src/native/delay.rs:112:21:
timer has gone away
thread 'tokio-runtime-worker' panicked at /root/.cargo/registry/src/index.crates.io-6f17d22bba15001f/futures-timer-3.0.2/src/native/delay.rs:112:21:
timer has gone away
thread 'tokio-runtime-worker' panicked at /root/.cargo/registry/src/index.crates.io-6f17d22bba15001f/futures-timer-3.0.2/src/native/delay.rs:112:21:
timer has gone away
thread 'tokio-runtime-worker' panicked at /root/.cargo/registry/src/index.crates.io-6f17d22bba15001f/futures-timer-3.0.2/src/native/delay.rs:112:21:
timer has gone away
thread 'tokio-runtime-worker' panicked at /root/.cargo/registry/src/index.crates.io-6f17d22bba15001f/futures-timer-3.0.2/src/native/delay.rs:112:21:
timer has gone away
thread 'tokio-runtime-worker' panicked at /root/.cargo/registry/src/index.crates.io-6f17d22bba15001f/futures-timer-3.0.2/src/native/delay.rs:112:21:
timer has gone away
thread 'tokio-runtime-worker' panicked at /root/.cargo/registry/src/index.crates.io-6f17d22bba15001f/futures-timer-3.0.2/src/native/delay.rs:112:21:
timer has gone away
thread 'tokio-runtime-worker' panicked at /root/.cargo/registry/src/index.crates.io-6f17d22bba15001f/futures-timer-3.0.2/src/native/delay.rs:112:21:
timer has gone away
thread 'tokio-runtime-worker' panicked at /root/.cargo/registry/src/index.crates.io-6f17d22bba15001f/futures-timer-3.0.2/src/native/delay.rs:112:21:
timer has gone away
thread 'tokio-runtime-worker' panicked at /root/.cargo/registry/src/index.crates.io-6f17d22bba15001f/futures-timer-3.0.2/src/native/delay.rs:112:21:
timer has gone away
thread 'tokio-runtime-worker' panicked at /root/.cargo/registry/src/index.crates.io-6f17d22bba15001f/futures-timer-3.0.2/src/native/delay.rs:112:21:
timer has gone away
thread 'tokio-runtime-worker' panicked at /root/.cargo/registry/src/index.crates.io-6f17d22bba15001f/futures-timer-3.0.2/src/native/delay.rs:112:21:
timer has gone away
thread 'tokio-runtime-worker' panicked at /root/.cargo/registry/src/index.crates.io-6f17d22bba15001f/futures-timer-3.0.2/src/native/delay.rs:112:21:
timer has gone away
thread 'tokio-runtime-worker' panicked at /root/.cargo/registry/src/index.crates.io-6f17d22bba15001f/futures-timer-3.0.2/src/native/delay.rs:112:21:
timer has gone away
thread 'tokio-runtime-worker' panicked at /root/.cargo/registry/src/index.crates.io-6f17d22bba15001f/futures-timer-3.0.2/src/native/delay.rs:112:21:
timer has gone away
thread 'tokio-runtime-worker' panicked at /root/.cargo/registry/src/index.crates.io-6f17d22bba15001f/futures-timer-3.0.2/src/native/delay.rs:112:21:
timer has gone away
thread 'tokio-runtime-worker' panicked at /root/.cargo/registry/src/index.crates.io-6f17d22bba15001f/futures-timer-3.0.2/src/native/delay.rs:112:21:
timer has gone away
thread 'tokio-runtime-worker' panicked at /root/.cargo/registry/src/index.crates.io-6f17d22bba15001f/futures-timer-3.0.2/src/native/delay.rs:112:21:
timer has gone away
thread 'tokio-runtime-worker' panicked at /root/.cargo/registry/src/index.crates.io-6f17d22bba15001f/futures-timer-3.0.2/src/native/delay.rs:112:21:
timer has gone away
thread 'tokio-runtime-worker' panicked at /root/.cargo/registry/src/index.crates.io-6f17d22bba15001f/futures-timer-3.0.2/src/native/delay.rs:112:21:
timer has gone away
thread 'tokio-runtime-worker' panicked at /root/.cargo/registry/src/index.crates.io-6f17d22bba15001f/futures-timer-3.0.2/src/native/delay.rs:112:21:
timer has gone away
